
Running 1 test using 1 worker

Logging in host...
Logging in guest...
Host creating room...
Room created with ID: ZkFE6jUAWxap9wALZA4H
Guest joining room...
Host marking ready...
Guest marking ready...
Host starting battle...
Waiting for battle to start...
Host localStorage team: [{"id":6,"name":"Charizard","species":"charizard","level":50,"hp":{"cur":150,"max":150},"stats":{"hp":150,"atk":100,"def":100,"spa":150,"spd":100,"spe":120},"moves":["flamethrower","air-slash"],"types":["fire","flying"]},{"id":9,"name":"Blastoise","species":"blastoise","level":50,"hp":{"cur":160,"max":160},"stats":{"hp":160,"atk":100,"def":120,"spa":100,"spd":120,"spe":90},"moves":["hydro-pump","skull-bash"],"types":["water"]},{"id":3,"name":"Venusaur","species":"venusaur","level":50,"hp":{"cur":160,"max":160},"stats":{"hp":160,"atk":100,"def":100,"spa":120,"spd":120,"spe":80},"moves":["solar-beam","sludge-bomb"],"types":["grass","poison"]}]
Verifying Host Active Pokemon...
player already has Charizard active.
Verifying Guest Active Pokemon...
player already has Charizard active.
Verifying Host Opponent...
Verifying Guest Opponent...
Verifying Initial HP...
Host Initial HP: 100 / 100 HP ┬╖ Unknown type
Guest Initial HP: 100 / 100 HP ┬╖ Unknown type
Executing Turn...
Host clicking Air Slash...
HOST PAGE LOG: ≡ƒÄ« handleMoveSelection called: {moveId: air-slash, target: undefined, hasPub: true, hasMyActive: false}
HOST PAGE LOG: ≡ƒÄ« RTDBBattleComponent viewMode: animated
HOST PAGE LOG: ≡ƒÄ« RTDBBattleComponent viewMode: animated
Guest clicking Flamethrower...
GUEST PAGE LOG: ≡ƒÄ« handleMoveSelection called: {moveId: flamethrower, target: undefined, hasPub: true, hasMyActive: false}
GUEST PAGE LOG: ≡ƒÄ« RTDBBattleComponent viewMode: animated
GUEST PAGE LOG: ≡ƒÄ« RTDBBattleComponent viewMode: animated
Waiting for Turn 2...
HOST PAGE LOG: ≡ƒÄ« RTDBBattleComponent viewMode: animated
HOST PAGE LOG: ≡ƒÄ« RTDBBattleComponent viewMode: animated
GUEST PAGE LOG: ≡ƒÄ« RTDBBattleComponent viewMode: animated
GUEST PAGE LOG: ≡ƒÄ« RTDBBattleComponent viewMode: animated
HOST PAGE LOG: useBattleState: Meta data received: {createdAt: 1764987374849, deadlineAt: 1764987374849, format: singles, phase: resolving, players: Object}
GUEST PAGE LOG: useBattleState: Meta data received: {createdAt: 1764987374849, deadlineAt: 1764987374849, format: singles, phase: resolving, players: Object}
GUEST PAGE LOG: ≡ƒÄ« RTDBBattleComponent viewMode: animated
HOST PAGE LOG: ≡ƒÄ« RTDBBattleComponent viewMode: animated
GUEST PAGE LOG: ≡ƒÄ« RTDBBattleComponent viewMode: animated
HOST PAGE LOG: ≡ƒÄ« RTDBBattleComponent viewMode: animated
GUEST PAGE LOG: useBattleState: Private subscription effect triggered {battleId: zUFRKHsmAWBBtKjGFt6r, authLoading: false, meUid: wYnr9PKDr0atR14hkon6o15zizc2, hasMeta: true}
HOST PAGE LOG: useBattleState: Private subscription effect triggered {battleId: zUFRKHsmAWBBtKjGFt6r, authLoading: false, meUid: vbZwTqtzuAdJZaBRmnfIorXXJle2, hasMeta: true}
GUEST PAGE LOG: useBattleState: Subscribing to private state for user: wYnr9PKDr0atR14hkon6o15zizc2
HOST PAGE LOG: useBattleState: Subscribing to private state for user: vbZwTqtzuAdJZaBRmnfIorXXJle2
GUEST PAGE LOG: RTDBBattleComponent: Battle state updated: {hasMeta: true, hasPublic: true, hasPrivate: true, phase: resolving, turn: 1}
HOST PAGE LOG: RTDBBattleComponent: Battle state updated: {hasMeta: true, hasPublic: true, hasPrivate: true, phase: resolving, turn: 1}
GUEST PAGE LOG: ≡ƒÄ« RTDBBattleComponent viewMode: animated
HOST PAGE LOG: ≡ƒÄ« RTDBBattleComponent viewMode: animated
GUEST PAGE LOG: ≡ƒÄ« RTDBBattleComponent viewMode: animated
HOST PAGE LOG: ≡ƒÄ« RTDBBattleComponent viewMode: animated
GUEST PAGE LOG: useBattleState: Private data received: {team: Array(3)}
HOST PAGE LOG: useBattleState: Private data received: {team: Array(3)}
GUEST PAGE LOG: ≡ƒÄ« RTDBBattleComponent viewMode: animated
HOST PAGE LOG: ≡ƒÄ« RTDBBattleComponent viewMode: animated
GUEST PAGE LOG: ≡ƒÄ« RTDBBattleComponent viewMode: animated
HOST PAGE LOG: ≡ƒÄ« RTDBBattleComponent viewMode: animated
HOST PAGE LOG: RTDBBattleComponent: Battle state updated: {hasMeta: true, hasPublic: true, hasPrivate: true, phase: resolving, turn: 1}
HOST PAGE LOG: ≡ƒÄ« RTDBBattleComponent viewMode: animated
GUEST PAGE LOG: RTDBBattleComponent: Battle state updated: {hasMeta: true, hasPublic: true, hasPrivate: true, phase: resolving, turn: 1}
GUEST PAGE LOG: ≡ƒÄ« RTDBBattleComponent viewMode: animated
HOST PAGE LOG: ≡ƒÄ« RTDBBattleComponent viewMode: animated
GUEST PAGE LOG: ≡ƒÄ« RTDBBattleComponent viewMode: animated
GUEST PAGE LOG: useBattleState: Meta data received: {createdAt: 1764987374849, deadlineAt: 1764987374849, format: singles, lastResultSummary: charizard used air-slash! It dealt 38 damage! charizard used flamethrower! It dealt 21 damage!, phase: choosing}
HOST PAGE LOG: useBattleState: Meta data received: {createdAt: 1764987374849, deadlineAt: 1764987374849, format: singles, lastResultSummary: charizard used air-slash! It dealt 38 damage! charizard used flamethrower! It dealt 21 damage!, phase: choosing}
HOST PAGE LOG: ≡ƒÄ« RTDBBattleComponent viewMode: animated
GUEST PAGE LOG: ≡ƒÄ« RTDBBattleComponent viewMode: animated
HOST PAGE LOG: ≡ƒÄ« RTDBBattleComponent viewMode: animated
GUEST PAGE LOG: ≡ƒÄ« RTDBBattleComponent viewMode: animated
HOST PAGE LOG: useBattleState: Private subscription effect triggered {battleId: zUFRKHsmAWBBtKjGFt6r, authLoading: false, meUid: vbZwTqtzuAdJZaBRmnfIorXXJle2, hasMeta: true}
HOST PAGE LOG: useBattleState: Subscribing to private state for user: vbZwTqtzuAdJZaBRmnfIorXXJle2
HOST PAGE LOG: RTDBBattleComponent: Battle state updated: {hasMeta: true, hasPublic: true, hasPrivate: true, phase: choosing, turn: 2}
GUEST PAGE LOG: useBattleState: Private subscription effect triggered {battleId: zUFRKHsmAWBBtKjGFt6r, authLoading: false, meUid: wYnr9PKDr0atR14hkon6o15zizc2, hasMeta: true}
HOST PAGE LOG: ≡ƒÄ« RTDBBattleComponent viewMode: animated
GUEST PAGE LOG: useBattleState: Subscribing to private state for user: wYnr9PKDr0atR14hkon6o15zizc2
GUEST PAGE LOG: RTDBBattleComponent: Battle state updated: {hasMeta: true, hasPublic: true, hasPrivate: true, phase: choosing, turn: 2}
GUEST PAGE LOG: ≡ƒÄ« RTDBBattleComponent viewMode: animated
HOST PAGE LOG: ≡ƒÄ« RTDBBattleComponent viewMode: animated
GUEST PAGE LOG: ≡ƒÄ« RTDBBattleComponent viewMode: animated
GUEST PAGE LOG: useBattleState: Public data received: {battleLog: Array(4), field: Object, lastResultSummary: charizard used air-slash! It dealt 38 damage! charizard used flamethrower! It dealt 21 damage!, p1: Object, p2: Object}
GUEST PAGE LOG: useBattleState: Meta data received: {createdAt: 1764987374849, deadlineAt: 1764987374849, format: singles, lastResultSummary: charizard used air-slash! It dealt 39 damage! charizard used flamethrower! It dealt 23 damage!, phase: choosing}
GUEST PAGE LOG: ≡ƒÄ« RTDBBattleComponent viewMode: animated
GUEST PAGE LOG: ≡ƒÄ« RTDBBattleComponent viewMode: animated
HOST PAGE LOG: useBattleState: Public data received: {battleLog: Array(4), field: Object, lastResultSummary: charizard used air-slash! It dealt 38 damage! charizard used flamethrower! It dealt 21 damage!, p1: Object, p2: Object}
HOST PAGE LOG: ≡ƒÄ« RTDBBattleComponent viewMode: animated
HOST PAGE LOG: ≡ƒÄ« RTDBBattleComponent viewMode: animated
GUEST PAGE LOG: useBattleState: Private subscription effect triggered {battleId: zUFRKHsmAWBBtKjGFt6r, authLoading: false, meUid: wYnr9PKDr0atR14hkon6o15zizc2, hasMeta: true}
GUEST PAGE LOG: useBattleState: Subscribing to private state for user: wYnr9PKDr0atR14hkon6o15zizc2
GUEST PAGE LOG: RTDBBattleComponent: Battle state updated: {hasMeta: true, hasPublic: true, hasPrivate: true, phase: choosing, turn: 2}
GUEST PAGE LOG: ≡ƒÄ« RTDBBattleComponent viewMode: animated
HOST PAGE LOG: useBattleState: Meta data received: {createdAt: 1764987374849, deadlineAt: 1764987374849, format: singles, lastResultSummary: charizard used air-slash! It dealt 39 damage! charizard used flamethrower! It dealt 23 damage!, phase: choosing}
HOST PAGE LOG: RTDBBattleComponent: Battle state updated: {hasMeta: true, hasPublic: true, hasPrivate: true, phase: choosing, turn: 2}
HOST PAGE LOG: ≡ƒÄ« RTDBBattleComponent viewMode: animated
GUEST PAGE LOG: ≡ƒÄ« RTDBBattleComponent viewMode: animated
HOST PAGE LOG: ≡ƒÄ« RTDBBattleComponent viewMode: animated
HOST PAGE LOG: useBattleState: Private subscription effect triggered {battleId: zUFRKHsmAWBBtKjGFt6r, authLoading: false, meUid: vbZwTqtzuAdJZaBRmnfIorXXJle2, hasMeta: true}
HOST PAGE LOG: useBattleState: Subscribing to private state for user: vbZwTqtzuAdJZaBRmnfIorXXJle2
HOST PAGE LOG: RTDBBattleComponent: Battle state updated: {hasMeta: true, hasPublic: true, hasPrivate: true, phase: choosing, turn: 2}
GUEST PAGE LOG: useBattleState: Public data received: {battleLog: Array(4), field: Object, lastResultSummary: charizard used air-slash! It dealt 39 damage! charizard used flamethrower! It dealt 23 damage!, p1: Object, p2: Object}
GUEST PAGE LOG: ≡ƒÄ« RTDBBattleComponent viewMode: animated
HOST PAGE LOG: ≡ƒÄ« RTDBBattleComponent viewMode: animated
GUEST PAGE LOG: ≡ƒÄ« RTDBBattleComponent viewMode: animated
HOST PAGE LOG: ≡ƒÄ« RTDBBattleComponent viewMode: animated
GUEST PAGE LOG: RTDBBattleComponent: Battle state updated: {hasMeta: true, hasPublic: true, hasPrivate: true, phase: choosing, turn: 2}
HOST PAGE LOG: useBattleState: Public data received: {battleLog: Array(4), field: Object, lastResultSummary: charizard used air-slash! It dealt 39 damage! charizard used flamethrower! It dealt 23 damage!, p1: Object, p2: Object}
HOST PAGE LOG: ≡ƒÄ« RTDBBattleComponent viewMode: animated
GUEST PAGE LOG: ≡ƒÄ« RTDBBattleComponent viewMode: animated
HOST PAGE LOG: ≡ƒÄ« RTDBBattleComponent viewMode: animated
GUEST PAGE LOG: ≡ƒÄ« RTDBBattleComponent viewMode: animated
HOST PAGE LOG: RTDBBattleComponent: Battle state updated: {hasMeta: true, hasPublic: true, hasPrivate: true, phase: choosing, turn: 2}
HOST PAGE LOG: ≡ƒÄ« RTDBBattleComponent viewMode: animated
GUEST PAGE LOG: useBattleState: Private data received: {team: Array(3)}
GUEST PAGE LOG: ≡ƒÄ« RTDBBattleComponent viewMode: animated
HOST PAGE LOG: ≡ƒÄ« RTDBBattleComponent viewMode: animated
GUEST PAGE LOG: ≡ƒÄ« RTDBBattleComponent viewMode: animated
GUEST PAGE LOG: RTDBBattleComponent: Battle state updated: {hasMeta: true, hasPublic: true, hasPrivate: true, phase: choosing, turn: 2}
GUEST PAGE LOG: ≡ƒÄ« RTDBBattleComponent viewMode: animated
HOST PAGE LOG: useBattleState: Private data received: {team: Array(3)}
HOST PAGE LOG: ≡ƒÄ« RTDBBattleComponent viewMode: animated
GUEST PAGE LOG: ≡ƒÄ« RTDBBattleComponent viewMode: animated
HOST PAGE LOG: ≡ƒÄ« RTDBBattleComponent viewMode: animated
HOST PAGE LOG: RTDBBattleComponent: Battle state updated: {hasMeta: true, hasPublic: true, hasPrivate: true, phase: choosing, turn: 2}
HOST PAGE LOG: ≡ƒÄ« RTDBBattleComponent viewMode: animated
HOST PAGE LOG: ≡ƒÄ« RTDBBattleComponent viewMode: animated
Turn resolved (Turn 2 reached).
Verifying Damage...
Host HP after turn: 77 (was 100)
Guest HP after turn: 61 (was 100)
Deep verification successful!
  Γ£ô  1 tests\playwright\multiplayer-battle.spec.ts:117:5 ΓÇ║ multiplayer battle flow: full team charizard verification (26.0s)

  1 passed (37.0s)
